[
  {
    "i94_country_or_region": "Canada",
    "ntto_groups": [
      "North America",
      "Non-Visa Waiver",
      "APEC",
      "OECD"
    ],
    "date": "1999-01",
    "total_arrivals": 861769
  },
  {
    "i94_country_or_region": "Canada",
    "ntto_groups": [
      "North America",
      "Non-Visa Waiver",
      "APEC",
      "OECD"
    ],
    "date": "2000-01",
    "total_arrivals": 937669
  },
  {
    "i94_country_or_region": "Mexico",
    "ntto_groups": [
      "North America",
      "Non-Visa Waiver",
      "APEC",
      "OECD"
    ],
    "date": "1999-01",
    "total_arrivals": 185006
  },
  {
    "i94_country_or_region": "Overseas",
    "ntto_groups": [
      "Overseas"
    ],
    "date": "1999-01",
    "total_arrivals": 1616126
  },
  {
    "i94_country_or_region": "International",
    "ntto_groups": [
      "International"
    ],
    "date": "1999-01",
    "total_arrivals": 2662901
  }
]