[
  {
    "i94_country_or_region": "Japan",
    "ntto_groups": [
      "Asia",
      "Visa Waiver",
      "APEC",
      "OECD",
      "Overseas"
    ],
    "date": "2015-04",
    "total_arrivals": 258651,
    "business_visa_arrivals": 42133,
    "pleasure_visa_arrivals": 214220,
    "student_visa_arrivals": 2298,
    "ports_arrivals": [
      {
        "port": "Agana, GU",
        "amount": 52090
      },
      {
        "port": "Atlanta, GA",
        "amount": 2398
      },
      {
        "port": "Baltimore, MD",
        "amount": 11
      },
      {
        "port": "Blaine, WA",
        "amount": 1051
      },
      {
        "port": "Boston, MA",
        "amount": 2454
      },
      {
        "port": "Buffalo, NY",
        "amount": 157
      },
      {
        "port": "Champlain, NY",
        "amount": 65
      },
      {
        "port": "Charlotte Amalie,VI",
        "amount": 0
      },
      {
        "port": "Chicago, IL",
        "amount": 14481
      },
      {
        "port": "Cincinnati, OH",
        "amount": 5
      },
      {
        "port": "Dallas, TX",
        "amount": 3859
      },
      {
        "port": "Detroit, MI",
        "amount": 4245
      },
      {
        "port": "Ft. Lauderdale, FL",
        "amount": 83
      },
      {
        "port": "Highgate Springs, VT",
        "amount": 30
      },
      {
        "port": "Honolulu, HI",
        "amount": 95533
      },
      {
        "port": "Houston, TX",
        "amount": 1587
      },
      {
        "port": "Las Vegas, NV",
        "amount": 1009
      },
      {
        "port": "Lewiston, NY",
        "amount": 86
      },
      {
        "port": "Los Angeles, CA",
        "amount": 23982
      },
      {
        "port": "Lynden, WA",
        "amount": 84
      },
      {
        "port": "Miami, FL",
        "amount": 892
      },
      {
        "port": "Minn./St. Paul, MN",
        "amount": 935
      },
      {
        "port": "New York, NY",
        "amount": 14793
      },
      {
        "port": "Newark, NJ",
        "amount": 1553
      },
      {
        "port": "Niagara Falls, NY",
        "amount": 566
      },
      {
        "port": "Orlando, FL",
        "amount": 117
      },
      {
        "port": "Peace Bridge, NY",
        "amount": 256
      },
      {
        "port": "Philadelphia, PA",
        "amount": 65
      },
      {
        "port": "Phoenix, AZ",
        "amount": 86
      },
      {
        "port": "Pt Everglades, FL",
        "amount": 5
      },
      {
        "port": "Pt Huron, MI",
        "amount": 201
      },
      {
        "port": "Portland, OR",
        "amount": 665
      },
      {
        "port": "San Antonio, TX",
        "amount": 51
      },
      {
        "port": "San Diego, CA",
        "amount": 1922
      },
      {
        "port": "San Francisco, CA",
        "amount": 13007
      },
      {
        "port": "San Juan, PR",
        "amount": 22
      },
      {
        "port": "Sanford, FL",
        "amount": 2
      },
      {
        "port": "Seattle, WA",
        "amount": 6053
      },
      {
        "port": "Tampa, FL",
        "amount": 2
      },
      {
        "port": "Washington, DC",
        "amount": 4197
      },
      {
        "port": "Other",
        "amount": 9495
      },
      {
        "port": "Unknown/Blank",
        "amount": 556
      }
    ]
  }
]